[     130ms] [INFO] %cDownload the React DevTools for a better development experience: https://react.dev/link/react-devtools font-weight:bold @ http://localhost:3000/_next/static/chunks/0ybm_next_dist_0pai9ho._.js:2477
[     147ms] [LOG] [HMR] connected @ http://localhost:3000/_next/static/chunks/0ybm_next_dist_0pai9ho._.js:2477
[     184ms] [ERROR] Failed to load resource: the server responded with a status of 404 (Not Found) @ http://localhost:3000/favicon.ico:0
[   22186ms] [LOG] [Fast Refresh] rebuilding @ http://localhost:3000/_next/static/chunks/0ybm_next_dist_0pai9ho._.js:2477
[   22680ms] [LOG] [Fast Refresh] done in 596ms @ http://localhost:3000/_next/static/chunks/0ybm_next_dist_0pai9ho._.js:2477
[  700495ms] [LOG] [Fast Refresh] rebuilding @ http://localhost:3000/_next/static/chunks/0ybm_next_dist_0pai9ho._.js:2477
[  700506ms] [LOG] [Fast Refresh] done in 112ms @ http://localhost:3000/_next/static/chunks/0ybm_next_dist_0pai9ho._.js:2477
[  704656ms] [LOG] [Fast Refresh] rebuilding @ http://localhost:3000/_next/static/chunks/0ybm_next_dist_0pai9ho._.js:2477
[  704704ms] [LOG] [Fast Refresh] done in 148ms @ http://localhost:3000/_next/static/chunks/0ybm_next_dist_0pai9ho._.js:2477
[  777758ms] [LOG] [Fast Refresh] rebuilding @ http://localhost:3000/_next/static/chunks/0ybm_next_dist_0pai9ho._.js:2477
[  777785ms] [LOG] [Fast Refresh] done in 52ms @ http://localhost:3000/_next/static/chunks/0ybm_next_dist_0pai9ho._.js:2477
[  800370ms] [LOG] [Fast Refresh] rebuilding @ http://localhost:3000/_next/static/chunks/0ybm_next_dist_0pai9ho._.js:2477
[  800482ms] [LOG] [Fast Refresh] done in 30ms @ http://localhost:3000/_next/static/chunks/0ybm_next_dist_0pai9ho._.js:2477
[  809132ms] [LOG] [Fast Refresh] rebuilding @ http://localhost:3000/_next/static/chunks/0ybm_next_dist_0pai9ho._.js:2477
[  809171ms] [LOG] [Fast Refresh] done in 34ms @ http://localhost:3000/_next/static/chunks/0ybm_next_dist_0pai9ho._.js:2477
[  817769ms] [LOG] [Fast Refresh] rebuilding @ http://localhost:3000/_next/static/chunks/0ybm_next_dist_0pai9ho._.js:2477
[  817896ms] [LOG] [Fast Refresh] done in 86ms @ http://localhost:3000/_next/static/chunks/0ybm_next_dist_0pai9ho._.js:2477
[  818066ms] [LOG] [Fast Refresh] rebuilding @ http://localhost:3000/_next/static/chunks/0ybm_next_dist_0pai9ho._.js:2477
[  818122ms] [LOG] [Fast Refresh] done in 156ms @ http://localhost:3000/_next/static/chunks/0ybm_next_dist_0pai9ho._.js:2477
[  824763ms] [LOG] [Fast Refresh] rebuilding @ http://localhost:3000/_next/static/chunks/0ybm_next_dist_0pai9ho._.js:2477
[  824800ms] [LOG] [Fast Refresh] done in 18ms @ http://localhost:3000/_next/static/chunks/0ybm_next_dist_0pai9ho._.js:2477
