[     296ms] [INFO] %cDownload the React DevTools for a better development experience: https://react.dev/link/react-devtools font-weight:bold @ http://localhost:3000/_next/static/chunks/0ybm_next_dist_0pai9ho._.js:2477
[     344ms] [LOG] [HMR] connected @ http://localhost:3000/_next/static/chunks/0ybm_next_dist_0pai9ho._.js:2477
[     386ms] ZodError: [
  {
    "origin": "array",
    "code": "too_big",
    "maximum": 4,
    "inclusive": true,
    "path": [
      "topEvents",
      0,
      "evidence"
    ],
    "message": "Too big: expected array to have <=4 items"
  },
  {
    "origin": "array",
    "code": "too_big",
    "maximum": 4,
    "inclusive": true,
    "path": [
      "topEvents",
      4,
      "evidence"
    ],
    "message": "Too big: expected array to have <=4 items"
  }
]
    at getReport (about://React/Server/file:///Users/sqliang/ai-workspace/agent-workspace/daily-ai-insight-engine/.next/dev/server/chunks/ssr/%255Broot-of-the-server%255D__0em3g8r._.js?id=%255Bproject%255D%252Fsrc%252Fapp%252Fpage.tsx+%255Bapp-rsc%255D+%2528ecmascript%2529?0:42:159)
    at  Home (about://React/Server/file:///Users/sqliang/ai-workspace/agent-workspace/daily-ai-insight-engine/.next/dev/server/chunks/ssr/%255Broot-of-the-server%255D__0em3g8r._.js?id=%255Bproject%255D%252Fsrc%252Fapp%252Fpage.tsx+%255Bapp-rsc%255D+%2528ecmascript%2529?1:45:20)
    at resolveErrorDev (http://localhost:3000/_next/static/chunks/0ybm_next_dist_compiled_react-server-dom-turbopack_0yms0my._.js:1919:105)
    at processFullStringRow (http://localhost:3000/_next/static/chunks/0ybm_next_dist_compiled_react-server-dom-turbopack_0yms0my._.js:2434:29)
    at processFullBinaryRow (http://localhost:3000/_next/static/chunks/0ybm_next_dist_compiled_react-server-dom-turbopack_0yms0my._.js:2393:9)
    at processBinaryChunk (http://localhost:3000/_next/static/chunks/0ybm_next_dist_compiled_react-server-dom-turbopack_0yms0my._.js:2502:221)
    at progress (http://localhost:3000/_next/static/chunks/0ybm_next_dist_compiled_react-server-dom-turbopack_0yms0my._.js:2689:13)
[   67364ms] [LOG] [Fast Refresh] rebuilding @ http://localhost:3000/_next/static/chunks/0ybm_next_dist_0pai9ho._.js:2477
[   67420ms] [LOG] [Fast Refresh] done in 33ms @ http://localhost:3000/_next/static/chunks/0ybm_next_dist_0pai9ho._.js:2477
[   67811ms] [INFO] %cDownload the React DevTools for a better development experience: https://react.dev/link/react-devtools font-weight:bold @ http://localhost:3000/_next/static/chunks/0ybm_next_dist_0pai9ho._.js:2477
[   67829ms] [LOG] [HMR] connected @ http://localhost:3000/_next/static/chunks/0ybm_next_dist_0pai9ho._.js:2477
