[     504ms] [WARNING] An iframe which has both allow-scripts and allow-same-origin for its sandbox attribute can escape its sandboxing. @ https://techcrunch.com/2026/05/06/is-xai-a-neocloud-now/:0
[    1130ms] [LOG] JQMIGRATE: Migrate is installed, version 3.4.1 @ https://techcrunch.com/_static/??-eJyVjt0KwjAMhV/IrFTF6YX4LF2bdSltV/vD2NvbTVEvVBACSTjfOQmbApCXtihMzNS6FozzozWOfGPShv2CwJGOIuM7LEef0WcWbNHkE0uCbB5igYmUxrxkZKG/0WaCYMWMEVroxwgVCREdFbdIr4jnAh9O5wFd/TZL2O6ZorQ6+riqCgYU6o9n71OTSpdkpA6r9eLOvG2P/LDj/GRukVV4tQ==:4
[    4303ms] [WARNING] Failed to execute 'postMessage' on 'DOMWindow': The target origin provided ('https://challenges.cloudflare.com') does not match the recipient window's origin ('https://techcrunch.com'). @ https://challenges.cloudflare.com/turnstile/v0/api.js?render=explicit:0
[    4580ms] [WARNING] An iframe which has both allow-scripts and allow-same-origin for its sandbox attribute can escape its sandboxing. @ https://public.servenobid.com/partner/163965/163966/wrapup_1.0.0.js?ver=559dc5a4d6a3f93be704:1
[    4585ms] [LOG] 9999 {eids: , group: undefined} @ :2
[    4789ms] [ERROR] Failed to load resource: net::ERR_CERT_AUTHORITY_INVALID @ https://api.rlcdn.com/api/identity/envelope?pid=14287:0
[    5089ms] [LOG] 9999 {eids: Object, group: undefined} @ :2
[    5201ms] [WARNING] Failed to execute 'postMessage' on 'DOMWindow': The target origin provided ('https://challenges.cloudflare.com') does not match the recipient window's origin ('https://techcrunch.com'). @ https://challenges.cloudflare.com/turnstile/v0/api.js?render=explicit:0
[    6101ms] [WARNING] Failed to execute 'postMessage' on 'DOMWindow': The target origin provided ('https://challenges.cloudflare.com') does not match the recipient window's origin ('https://techcrunch.com'). @ https://challenges.cloudflare.com/turnstile/v0/api.js?render=explicit:0
[    6407ms] [ERROR] Access to fetch at 'https://sync.intentiq.com/profiles_engine/ProfilesEngineServlet?at=20&mi=10&secure=1&dpi=1354117088&iiqidtype=2&iiqpcid=a2ec2e1c-666b-4bf7-8649-a78fcd177332&iiqpciddate=1778193790643&tsrnd=59_1778193790645&cz=0%3A810%2C1%3A1200%2C2%3Aundefined%2C3%3A982%2C4%3A1512%2C5%3Azh-CN&dw=1512&dh=982&dpr=undefined&lan=zh-CN&jsver=0.29&vrref=https%3A%2F%2Ftechcrunch.com&gdpr=0&source=pbjs' from origin 'https://techcrunch.com' has been blocked by CORS policy: No 'Access-Control-Allow-Origin' header is present on the requested resource. @ https://techcrunch.com/2026/05/06/is-xai-a-neocloud-now/:0
[    6407ms] [ERROR] Failed to load resource: net::ERR_FAILED @ https://sync.intentiq.com/profiles_engine/ProfilesEngineServlet?at=20&mi=10&secure=1&dpi=1354117088&iiqidtype=2&iiqpcid=a2ec2e1c-666b-4bf7-8649-a78fcd177332&iiqpciddate=1778193790643&tsrnd=59_1778193790645&cz=0%3A810%2C1%3A1200%2C2%3Aundefined%2C3%3A982%2C4%3A1512%2C5%3Azh-CN&dw=1512&dh=982&dpr=undefined&lan=zh-CN&jsver=0.29&vrref=https%3A%2F%2Ftechcrunch.com&gdpr=0&source=pbjs:0
[    8129ms] [INFO] Slow network is detected. See https://www.chromestatus.com/feature/5636954674692096 for more details. Fallback font will be used while loading: https://fonts.gstatic.com/s/roboto/v48/KFO7CnqEu92Fr1ME7kSn66aGLdTylUAMa3yUBHMdazQ.woff2 @ https://www.gstatic.com/recaptcha/releases/dNfi_jsbkQb4Hbw7F1b82Uia/recaptcha__zh_cn.js:67
[    8131ms] [WARNING] An iframe which has both allow-scripts and allow-same-origin for its sandbox attribute can escape its sandboxing. @ https://www.gstatic.com/recaptcha/releases/dNfi_jsbkQb4Hbw7F1b82Uia/recaptcha__zh_cn.js:633
[    8567ms] [ERROR] This document requires 'TrustedHTML' assignment. The action has been blocked. @ https://challenges.cloudflare.com/cdn-cgi/challenge-platform/h/g/turnstile/f/ov2/av0/rch/y54p3/0x4AAAAAAB5UiAgmkGtdUBSR/auto/fbE/new/normal?lang=auto:0
[    8567ms] [ERROR] This document requires 'TrustedHTML' assignment. The action has been blocked. @ https://challenges.cloudflare.com/cdn-cgi/challenge-platform/h/g/turnstile/f/ov2/av0/rch/y54p3/0x4AAAAAAB5UiAgmkGtdUBSR/auto/fbE/new/normal?lang=auto:0
[    8568ms] [ERROR] This document requires 'TrustedScript' assignment. The action has been blocked. @ https://challenges.cloudflare.com/cdn-cgi/challenge-platform/h/g/turnstile/f/ov2/av0/rch/y54p3/0x4AAAAAAB5UiAgmkGtdUBSR/auto/fbE/new/normal?lang=auto:0
[    8568ms] [ERROR] This document requires 'TrustedScript' assignment. The action has been blocked. @ https://challenges.cloudflare.com/cdn-cgi/challenge-platform/h/g/turnstile/f/ov2/av0/rch/y54p3/0x4AAAAAAB5UiAgmkGtdUBSR/auto/fbE/new/normal?lang=auto:0
[    8568ms] [ERROR] This document requires 'TrustedScriptURL' assignment. The action has been blocked. @ https://challenges.cloudflare.com/cdn-cgi/challenge-platform/h/g/turnstile/f/ov2/av0/rch/y54p3/0x4AAAAAAB5UiAgmkGtdUBSR/auto/fbE/new/normal?lang=auto:0
[    8568ms] [ERROR] This document requires 'TrustedScriptURL' assignment. The action has been blocked. @ https://challenges.cloudflare.com/cdn-cgi/challenge-platform/h/g/turnstile/f/ov2/av0/rch/y54p3/0x4AAAAAAB5UiAgmkGtdUBSR/auto/fbE/new/normal?lang=auto:0
[    8571ms] [ERROR] Executing inline script violates the following Content Security Policy directive 'script-src 'nonce-umBstescGVPNiUqYYsddRH' 'unsafe-eval''. Either the 'unsafe-inline' keyword, a hash ('sha256-eJGI0Ik4oYe/PKLDOt4wcN76wYs8h+Ew05pMzdY6xG8='), or a nonce ('nonce-...') is required to enable inline execution. The action has been blocked. @ about:srcdoc:0
[    8571ms] [ERROR] Executing inline script violates the following Content Security Policy directive 'script-src 'nonce-umBstescGVPNiUqYYsddRH' 'unsafe-eval''. Either the 'unsafe-inline' keyword, a hash ('sha256-eJGI0Ik4oYe/PKLDOt4wcN76wYs8h+Ew05pMzdY6xG8='), or a nonce ('nonce-...') is required to enable inline execution. The action has been blocked. @ about:srcdoc:0
[    8572ms] [ERROR] This document requires 'TrustedScript' assignment. The action has been blocked. @ https://challenges.cloudflare.com/cdn-cgi/challenge-platform/h/g/turnstile/f/ov2/av0/rch/y54p3/0x4AAAAAAB5UiAgmkGtdUBSR/auto/fbE/new/normal?lang=auto:0
[    8572ms] [ERROR] This document requires 'TrustedScript' assignment. The action has been blocked. @ https://challenges.cloudflare.com/cdn-cgi/challenge-platform/h/g/turnstile/f/ov2/av0/rch/y54p3/0x4AAAAAAB5UiAgmkGtdUBSR/auto/fbE/new/normal?lang=auto:0
[    9085ms] [ERROR] Permissions policy violation: xr-spatial-tracking is not allowed in this document. @ https://challenges.cloudflare.com/cdn-cgi/challenge-platform/h/g/turnstile/f/ov2/av0/rch/y54p3/0x4AAAAAAB5UiAgmkGtdUBSR/auto/fbE/new/normal?lang=auto:0
[    9085ms] [ERROR] Permissions policy violation: xr-spatial-tracking is not allowed in this document. @ https://challenges.cloudflare.com/cdn-cgi/challenge-platform/h/g/turnstile/f/ov2/av0/rch/y54p3/0x4AAAAAAB5UiAgmkGtdUBSR/auto/fbE/new/normal?lang=auto:0
[    9242ms] [WARNING] An iframe which has both allow-scripts and allow-same-origin for its sandbox attribute can escape its sandboxing. @ https://www.gstatic.com/recaptcha/releases/dNfi_jsbkQb4Hbw7F1b82Uia/recaptcha__zh_cn.js:417
[    9632ms] [LOG] /.*.*=.*/ @ https://challenges.cloudflare.com/cdn-cgi/challenge-platform/h/g/turnstile/f/ov2/av0/rch/y54p3/0x4AAAAAAB5UiAgmkGtdUBSR/auto/fbE/new/normal?lang=auto:0
[    9632ms] [LOG] /.*.*=.*/ @ https://challenges.cloudflare.com/cdn-cgi/challenge-platform/h/g/turnstile/f/ov2/av0/rch/y54p3/0x4AAAAAAB5UiAgmkGtdUBSR/auto/fbE/new/normal?lang=auto:0
[    9632ms] [LOG] function () { [native code] } @ https://challenges.cloudflare.com/cdn-cgi/challenge-platform/h/g/turnstile/f/ov2/av0/rch/y54p3/0x4AAAAAAB5UiAgmkGtdUBSR/auto/fbE/new/normal?lang=auto:0
[    9632ms] [LOG] function () { [native code] } @ https://challenges.cloudflare.com/cdn-cgi/challenge-platform/h/g/turnstile/f/ov2/av0/rch/y54p3/0x4AAAAAAB5UiAgmkGtdUBSR/auto/fbE/new/normal?lang=auto:0
[    9632ms] [LOG] JSHandle@node @ https://challenges.cloudflare.com/cdn-cgi/challenge-platform/h/g/turnstile/f/ov2/av0/rch/y54p3/0x4AAAAAAB5UiAgmkGtdUBSR/auto/fbE/new/normal?lang=auto:0
[    9632ms] [LOG] JSHandle@node @ https://challenges.cloudflare.com/cdn-cgi/challenge-platform/h/g/turnstile/f/ov2/av0/rch/y54p3/0x4AAAAAAB5UiAgmkGtdUBSR/auto/fbE/new/normal?lang=auto:0
[    9632ms] [COUNT]  : 1 @ https://challenges.cloudflare.com/cdn-cgi/challenge-platform/h/g/turnstile/f/ov2/av0/rch/y54p3/0x4AAAAAAB5UiAgmkGtdUBSR/auto/fbE/new/normal?lang=auto:0
[    9632ms] [COUNT]  : 1 @ https://challenges.cloudflare.com/cdn-cgi/challenge-platform/h/g/turnstile/f/ov2/av0/rch/y54p3/0x4AAAAAAB5UiAgmkGtdUBSR/auto/fbE/new/normal?lang=auto:0
[    9633ms] [DIR]  Error @ https://challenges.cloudflare.com/cdn-cgi/challenge-platform/h/g/turnstile/f/ov2/av0/rch/y54p3/0x4AAAAAAB5UiAgmkGtdUBSR/auto/fbE/new/normal?lang=auto:0
[    9633ms] [DIR]  Error @ https://challenges.cloudflare.com/cdn-cgi/challenge-platform/h/g/turnstile/f/ov2/av0/rch/y54p3/0x4AAAAAAB5UiAgmkGtdUBSR/auto/fbE/new/normal?lang=auto:0
[    9633ms] [DIRXML] %c%d font-size:0;color:transparent Error @ https://challenges.cloudflare.com/cdn-cgi/challenge-platform/h/g/turnstile/f/ov2/av0/rch/y54p3/0x4AAAAAAB5UiAgmkGtdUBSR/auto/fbE/new/normal?lang=auto:0
[    9633ms] [DIRXML] %c%d font-size:0;color:transparent Error @ https://challenges.cloudflare.com/cdn-cgi/challenge-platform/h/g/turnstile/f/ov2/av0/rch/y54p3/0x4AAAAAAB5UiAgmkGtdUBSR/auto/fbE/new/normal?lang=auto:0
[    9633ms] [ERROR] %c%d font-size:0;color:transparent NaN @ https://challenges.cloudflare.com/cdn-cgi/challenge-platform/h/g/turnstile/f/ov2/av0/rch/y54p3/0x4AAAAAAB5UiAgmkGtdUBSR/auto/fbE/new/normal?lang=auto:0
[    9633ms] [ERROR] %c%d font-size:0;color:transparent NaN @ https://challenges.cloudflare.com/cdn-cgi/challenge-platform/h/g/turnstile/f/ov2/av0/rch/y54p3/0x4AAAAAAB5UiAgmkGtdUBSR/auto/fbE/new/normal?lang=auto:0
[    9633ms] [INFO] %c%d font-size:0;color:transparent NaN @ https://challenges.cloudflare.com/cdn-cgi/challenge-platform/h/g/turnstile/f/ov2/av0/rch/y54p3/0x4AAAAAAB5UiAgmkGtdUBSR/auto/fbE/new/normal?lang=auto:0
[    9633ms] [INFO] %c%d font-size:0;color:transparent NaN @ https://challenges.cloudflare.com/cdn-cgi/challenge-platform/h/g/turnstile/f/ov2/av0/rch/y54p3/0x4AAAAAAB5UiAgmkGtdUBSR/auto/fbE/new/normal?lang=auto:0
[    9633ms] [LOG] %c%d font-size:0;color:transparent NaN @ https://challenges.cloudflare.com/cdn-cgi/challenge-platform/h/g/turnstile/f/ov2/av0/rch/y54p3/0x4AAAAAAB5UiAgmkGtdUBSR/auto/fbE/new/normal?lang=auto:0
[    9633ms] [LOG] %c%d font-size:0;color:transparent NaN @ https://challenges.cloudflare.com/cdn-cgi/challenge-platform/h/g/turnstile/f/ov2/av0/rch/y54p3/0x4AAAAAAB5UiAgmkGtdUBSR/auto/fbE/new/normal?lang=auto:0
[    9633ms] [TABLE] %c%d font-size:0;color:transparent Error @ https://challenges.cloudflare.com/cdn-cgi/challenge-platform/h/g/turnstile/f/ov2/av0/rch/y54p3/0x4AAAAAAB5UiAgmkGtdUBSR/auto/fbE/new/normal?lang=auto:0
[    9633ms] [TABLE] %c%d font-size:0;color:transparent Error @ https://challenges.cloudflare.com/cdn-cgi/challenge-platform/h/g/turnstile/f/ov2/av0/rch/y54p3/0x4AAAAAAB5UiAgmkGtdUBSR/auto/fbE/new/normal?lang=auto:0
[    9633ms] [WARNING] %c%d font-size:0;color:transparent NaN @ https://challenges.cloudflare.com/cdn-cgi/challenge-platform/h/g/turnstile/f/ov2/av0/rch/y54p3/0x4AAAAAAB5UiAgmkGtdUBSR/auto/fbE/new/normal?lang=auto:0
[    9633ms] [WARNING] %c%d font-size:0;color:transparent NaN @ https://challenges.cloudflare.com/cdn-cgi/challenge-platform/h/g/turnstile/f/ov2/av0/rch/y54p3/0x4AAAAAAB5UiAgmkGtdUBSR/auto/fbE/new/normal?lang=auto:0
[    9659ms] [LOG] The next request for the Private Access Token challenge may return a 401 and show a warning in console. @ https://challenges.cloudflare.com/cdn-cgi/challenge-platform/h/g/turnstile/f/ov2/av0/rch/y54p3/0x4AAAAAAB5UiAgmkGtdUBSR/auto/fbE/new/normal?lang=auto:0
[    9835ms] [ERROR] Failed to load resource: the server responded with a status of 401 () @ https://challenges.cloudflare.com/cdn-cgi/challenge-platform/h/g/pat/9f83be0169244f1a/1778193793433/3ddc95d66c2b5f6173e45662adbddd1c25344f4214f6790c3a24aa3879987a36/R4iD_rGIZt1KO30:0
[    9952ms] [WARNING] Failed to parse audio contentType: audio/mp4; codecs=ac-3 @ https://challenges.cloudflare.com/cdn-cgi/challenge-platform/h/g/turnstile/f/ov2/av0/rch/y54p3/0x4AAAAAAB5UiAgmkGtdUBSR/auto/fbE/new/normal?lang=auto:0
[    9952ms] [WARNING] Failed to parse audio contentType: audio/mp4; codecs=ec-3 @ https://challenges.cloudflare.com/cdn-cgi/challenge-platform/h/g/turnstile/f/ov2/av0/rch/y54p3/0x4AAAAAAB5UiAgmkGtdUBSR/auto/fbE/new/normal?lang=auto:0
[    9953ms] [WARNING] Invalid (ambiguous) video codec string: video/webm; codecs=vp9 @ https://challenges.cloudflare.com/cdn-cgi/challenge-platform/h/g/turnstile/f/ov2/av0/rch/y54p3/0x4AAAAAAB5UiAgmkGtdUBSR/auto/fbE/new/normal?lang=auto:0
[    9953ms] [WARNING] Failed to parse video contentType: video/ogg; codecs=theora @ https://challenges.cloudflare.com/cdn-cgi/challenge-platform/h/g/turnstile/f/ov2/av0/rch/y54p3/0x4AAAAAAB5UiAgmkGtdUBSR/auto/fbE/new/normal?lang=auto:0
[   10166ms] [WARNING] Form submission canceled because the form is not connected @ https://challenges.cloudflare.com/cdn-cgi/challenge-platform/h/g/turnstile/f/ov2/av0/rch/y54p3/0x4AAAAAAB5UiAgmkGtdUBSR/auto/fbE/new/normal?lang=auto:0
[   10286ms] [WARNING] An iframe which has both allow-scripts and allow-same-origin for its sandbox attribute can escape its sandboxing. @ https://js-na2.hs-analytics.net/analytics/1778193000000/242234635.js:19
[   10832ms] [WARNING] [Meta Pixel] - Missing event name. Track events must be logged with an event name fbq("track", eventName) @ https://connect.facebook.net/en_US/fbevents.js:181
[   11194ms] [WARNING] An iframe which has both allow-scripts and allow-same-origin for its sandbox attribute can escape its sandboxing. @ https://js-na2.hscollectedforms.net/collectedforms.js:1
[   11942ms] [ERROR] Failed to load resource: net::ERR_CONNECTION_CLOSED @ https://securepubads.g.doubleclick.net/pagead/managed/js/gpt/m202604300101/pubads_impl.js:0
[   12041ms] [WARNING] An iframe which has both allow-scripts and allow-same-origin for its sandbox attribute can escape its sandboxing. @ https://cdn.brandmetrics.com/scripts/bundle/65568.js?sid=10770d33-7fa3-4316-ade9-5ca89d38d910&toploc=techcrunch.com:0
[   12456ms] [ERROR] Failed to load resource: net::ERR_CONNECTION_CLOSED @ https://securepubads.g.doubleclick.net/pagead/managed/dict/m202605070101/gpt:0
[   12456ms] [ERROR] Failed to load resource: net::ERR_CONNECTION_CLOSED @ https://stats.g.doubleclick.net/g/collect?v=2&_ng=1&tid=G-KJR3C2ZQN6&cid=736135476.1778193791&gtm=45je6562v880438060z89105965535za20gzb9105965535zd9105965535&rcb=8&aip=1&dma=0&gcd=13l3l3l3l1l1&npa=0&frm=0&tag_exp=0~115938465~115938468~118463262~118719172:0
[   12628ms] [INFO] 
IFRAME-RESIZER

Iframe-Resizer 5 is now available via the following two packages:

 * @iframe-resizer/parent
 * @iframe-resizer/child

Additionally their are also new versions of iframe-resizer for React, Vue, and jQuery.

Version 5 of iframe-resizer has been extensively rewritten to use modern browser APIs, which has enabled significantly better performance and greater accuracy in the detection of content resizing events.

Please see https://iframe-resizer.com/upgrade for more details.
 @ https://techcrunch.com/wp-content/themes/tc-24/dist/js/8741.77d75d8bbb25a07754d3.chunk.js:0
